[debug] [2025-09-29T07:31:27.544Z] ----------------------------------------------------------------------
[debug] [2025-09-29T07:31:27.547Z] Command:       C:\Program Files\nodejs\node.exe C:\Users\datng\AppData\Roaming\npm\node_modules\firebase-tools\lib\bin\firebase.js deploy
[debug] [2025-09-29T07:31:27.547Z] CLI Version:   14.17.0
[debug] [2025-09-29T07:31:27.548Z] Platform:      win32
[debug] [2025-09-29T07:31:27.548Z] Node Version:  v20.15.0
[debug] [2025-09-29T07:31:27.548Z] Time:          Mon Sep 29 2025 14:31:27 GMT+0700 (Indochina Time)
[debug] [2025-09-29T07:31:27.548Z] ----------------------------------------------------------------------
[debug] 
[debug] [2025-09-29T07:31:27.771Z] > command requires scopes: ["email","openid","https://www.googleapis.com/auth/cloudplatformprojects.readonly","https://www.googleapis.com/auth/firebase","https://www.googleapis.com/auth/cloud-platform"]
[debug] [2025-09-29T07:31:27.771Z] > authorizing via signed-in user (datnguyen13021302@gmail.com)
[debug] [2025-09-29T07:31:27.771Z] [iam] checking project ai-interview-5863c for permissions ["cloudfunctions.functions.create","cloudfunctions.functions.delete","cloudfunctions.functions.get","cloudfunctions.functions.list","cloudfunctions.functions.update","cloudfunctions.operations.get","firebase.projects.get","firebasehosting.sites.update"]
[debug] [2025-09-29T07:31:27.773Z] Checked if tokens are valid: true, expires at: 1759134027329
[debug] [2025-09-29T07:31:27.773Z] Checked if tokens are valid: true, expires at: 1759134027329
[debug] [2025-09-29T07:31:27.774Z] >>> [apiv2][query] POST https://cloudresourcemanager.googleapis.com/v1/projects/ai-interview-5863c:testIamPermissions [none]
[debug] [2025-09-29T07:31:27.774Z] >>> [apiv2][(partial)header] POST https://cloudresourcemanager.googleapis.com/v1/projects/ai-interview-5863c:testIamPermissions x-goog-quota-user=projects/ai-interview-5863c
[debug] [2025-09-29T07:31:27.774Z] >>> [apiv2][body] POST https://cloudresourcemanager.googleapis.com/v1/projects/ai-interview-5863c:testIamPermissions {"permissions":["cloudfunctions.functions.create","cloudfunctions.functions.delete","cloudfunctions.functions.get","cloudfunctions.functions.list","cloudfunctions.functions.update","cloudfunctions.operations.get","firebase.projects.get","firebasehosting.sites.update"]}
[debug] [2025-09-29T07:31:28.976Z] <<< [apiv2][status] POST https://cloudresourcemanager.googleapis.com/v1/projects/ai-interview-5863c:testIamPermissions 200
[debug] [2025-09-29T07:31:28.977Z] <<< [apiv2][body] POST https://cloudresourcemanager.googleapis.com/v1/projects/ai-interview-5863c:testIamPermissions {"permissions":["cloudfunctions.functions.create","cloudfunctions.functions.delete","cloudfunctions.functions.get","cloudfunctions.functions.list","cloudfunctions.functions.update","cloudfunctions.operations.get","firebase.projects.get","firebasehosting.sites.update"]}
[debug] [2025-09-29T07:31:28.977Z] Checked if tokens are valid: true, expires at: 1759134027329
[debug] [2025-09-29T07:31:28.977Z] Checked if tokens are valid: true, expires at: 1759134027329
[debug] [2025-09-29T07:31:28.977Z] >>> [apiv2][query] POST https://iam.googleapis.com/v1/projects/ai-interview-5863c/serviceAccounts/ai-interview-5863c@appspot.gserviceaccount.com:testIamPermissions [none]
[debug] [2025-09-29T07:31:28.977Z] >>> [apiv2][body] POST https://iam.googleapis.com/v1/projects/ai-interview-5863c/serviceAccounts/ai-interview-5863c@appspot.gserviceaccount.com:testIamPermissions {"permissions":["iam.serviceAccounts.actAs"]}
[debug] [2025-09-29T07:31:30.404Z] <<< [apiv2][status] POST https://iam.googleapis.com/v1/projects/ai-interview-5863c/serviceAccounts/ai-interview-5863c@appspot.gserviceaccount.com:testIamPermissions 200
[debug] [2025-09-29T07:31:30.404Z] <<< [apiv2][body] POST https://iam.googleapis.com/v1/projects/ai-interview-5863c/serviceAccounts/ai-interview-5863c@appspot.gserviceaccount.com:testIamPermissions {"permissions":["iam.serviceAccounts.actAs"]}
[debug] [2025-09-29T07:31:30.405Z] Checked if tokens are valid: true, expires at: 1759134027329
[debug] [2025-09-29T07:31:30.405Z] Checked if tokens are valid: true, expires at: 1759134027329
[debug] [2025-09-29T07:31:30.405Z] >>> [apiv2][query] GET https://firebase.googleapis.com/v1beta1/projects/ai-interview-5863c [none]
[debug] [2025-09-29T07:31:31.843Z] <<< [apiv2][status] GET https://firebase.googleapis.com/v1beta1/projects/ai-interview-5863c 200
[debug] [2025-09-29T07:31:31.843Z] <<< [apiv2][body] GET https://firebase.googleapis.com/v1beta1/projects/ai-interview-5863c {"projectId":"ai-interview-5863c","projectNumber":"1077521349218","displayName":"AI-Interview","name":"projects/ai-interview-5863c","resources":{"hostingSite":"ai-interview-5863c","realtimeDatabaseInstance":"ai-interview-5863c-default-rtdb"},"state":"ACTIVE","etag":"1_7bb5683d-7d57-4e08-8204-9b368db0e7ed"}
[debug] [2025-09-29T07:31:34.489Z] defaultcredentials: writing to file C:\Users\datng\AppData\Roaming\firebase\datnguyen13021302_gmail_com_application_default_credentials.json
[debug] [2025-09-29T07:31:34.491Z] Checked if tokens are valid: true, expires at: 1759134027329
[debug] [2025-09-29T07:31:34.491Z] Checked if tokens are valid: true, expires at: 1759134027329
[debug] [2025-09-29T07:31:34.492Z] >>> [apiv2][query] GET https://firebasehosting.googleapis.com/v1beta1/projects/ai-interview-5863c/sites pageToken=&pageSize=10
[debug] [2025-09-29T07:31:35.678Z] <<< [apiv2][status] GET https://firebasehosting.googleapis.com/v1beta1/projects/ai-interview-5863c/sites 200
[debug] [2025-09-29T07:31:35.678Z] <<< [apiv2][body] GET https://firebasehosting.googleapis.com/v1beta1/projects/ai-interview-5863c/sites {"sites":[{"name":"projects/ai-interview-5863c/sites/ai-interview-5863c","defaultUrl":"https://ai-interview-5863c.web.app","appId":"1:1077521349218:web:535a301576444405adaf3b","type":"DEFAULT_SITE"}]}
[debug] [2025-09-29T07:31:35.678Z] Checked if tokens are valid: true, expires at: 1759134027329
[debug] [2025-09-29T07:31:35.678Z] Checked if tokens are valid: true, expires at: 1759134027329
[debug] [2025-09-29T07:31:35.678Z] >>> [apiv2][query] GET https://firebase.googleapis.com/v1beta1/projects/-/webApps/1:1077521349218:web:535a301576444405adaf3b/config [none]
[debug] [2025-09-29T07:31:36.228Z] <<< [apiv2][status] GET https://firebase.googleapis.com/v1beta1/projects/-/webApps/1:1077521349218:web:535a301576444405adaf3b/config 200
[debug] [2025-09-29T07:31:36.228Z] <<< [apiv2][body] GET https://firebase.googleapis.com/v1beta1/projects/-/webApps/1:1077521349218:web:535a301576444405adaf3b/config {"projectId":"ai-interview-5863c","appId":"1:1077521349218:web:535a301576444405adaf3b","databaseURL":"https://ai-interview-5863c-default-rtdb.asia-southeast1.firebasedatabase.app","storageBucket":"ai-interview-5863c.firebasestorage.app","apiKey":"AIzaSyCaWIB51m3m8Sv0u_jtvXEd41c064FhYak","authDomain":"ai-interview-5863c.firebaseapp.com","messagingSenderId":"1077521349218","measurementId":"G-WEKJFC9Z58"}
[info] 
   Thank you for trying our early preview of Next.js support on Firebase Hosting.
   During the preview, support is best-effort and breaking changes can be expected. Proceed with caution.

   Documentation: https://firebase.google.com/docs/hosting/frameworks/nextjs
   File a bug: https://github.com/firebase/firebase-tools/issues/new?template=bug_report.md
   Submit a feature request: https://github.com/firebase/firebase-tools/issues/new?template=feature_request.md

   We'd love to learn from you. Express your interest in helping us shape the future of Firebase Hosting: https://goo.gle/41enW5X

[debug] [2025-09-29T07:31:42.411Z] Checked if tokens are valid: true, expires at: 1759134027329
[debug] [2025-09-29T07:31:42.411Z] Checked if tokens are valid: true, expires at: 1759134027329
[debug] [2025-09-29T07:31:42.411Z] >>> [apiv2][query] GET https://firebasehosting.googleapis.com/v1beta1/projects/ai-interview-5863c/sites/ai-interview-5863c [none]
[debug] [2025-09-29T07:31:43.168Z] <<< [apiv2][status] GET https://firebasehosting.googleapis.com/v1beta1/projects/ai-interview-5863c/sites/ai-interview-5863c 200
[debug] [2025-09-29T07:31:43.168Z] <<< [apiv2][body] GET https://firebasehosting.googleapis.com/v1beta1/projects/ai-interview-5863c/sites/ai-interview-5863c {"name":"projects/ai-interview-5863c/sites/ai-interview-5863c","defaultUrl":"https://ai-interview-5863c.web.app","appId":"1:1077521349218:web:535a301576444405adaf3b","type":"DEFAULT_SITE"}
[info]   ▲ Next.js 14.2.32

[info]   - Environments: .env


[info]    Creating an optimized production build ...

[info]  ✓ Compiled successfully

[info]    Linting and checking validity of types ...

[info]    Collecting page data ...

[info]    Generating static pages (0/20) ...

[info] Error: Unsupported Server Component type: {...}
    at e (C:\Users\datng\ai-interviews\node_modules\next\dist\compiled\next-server\app-page.runtime.prod.js:12:137969)
    at ek (C:\Users\datng\ai-interviews\node_modules\next\dist\compiled\next-server\app-page.runtime.prod.js:12:138019)
    at Array.toJSON (C:\Users\datng\ai-interviews\node_modules\next\dist\compiled\next-server\app-page.runtime.prod.js:12:135629)
    at stringify (<anonymous>)
    at eP (C:\Users\datng\ai-interviews\node_modules\next\dist\compiled\next-server\app-page.runtime.prod.js:12:142093)
    at eE (C:\Users\datng\ai-interviews\node_modules\next\dist\compiled\next-server\app-page.runtime.prod.js:12:142572)
    at AsyncLocalStorage.run (node:async_hooks:346:14)
    at Timeout._onTimeout (C:\Users\datng\ai-interviews\node_modules\next\dist\compiled\next-server\app-page.runtime.prod.js:12:150373)
    at listOnTimeout (node:internal/timers:573:17)
    at process.processTimers (node:internal/timers:514:7) {
  digest: '2383966541'
}
Error: Unsupported Server Component type: {...}
    at e (C:\Users\datng\ai-interviews\node_modules\next\dist\compiled\next-server\app-page.runtime.prod.js:12:137969)
    at ek (C:\Users\datng\ai-interviews\node_modules\next\dist\compiled\next-server\app-page.runtime.prod.js:12:138019)
    at Array.toJSON (C:\Users\datng\ai-interviews\node_modules\next\dist\compiled\next-server\app-page.runtime.prod.js:12:135629)
    at stringify (<anonymous>)
    at eP (C:\Users\datng\ai-interviews\node_modules\next\dist\compiled\next-server\app-page.runtime.prod.js:12:142093)
    at eE (C:\Users\datng\ai-interviews\node_modules\next\dist\compiled\next-server\app-page.runtime.prod.js:12:142572)
    at Timeout._onTimeout (C:\Users\datng\ai-interviews\node_modules\next\dist\compiled\next-server\app-page.runtime.prod.js:12:135349)
    at listOnTimeout (node:internal/timers:573:17)
    at process.processTimers (node:internal/timers:514:7) {
  digest: '3105940811'
}
Error: Unsupported Server Component type: {...}
    at e (C:\Users\datng\ai-interviews\node_modules\next\dist\compiled\next-server\app-page.runtime.prod.js:12:137969)
    at ek (C:\Users\datng\ai-interviews\node_modules\next\dist\compiled\next-server\app-page.runtime.prod.js:12:138019)
    at Array.toJSON (C:\Users\datng\ai-interviews\node_modules\next\dist\compiled\next-server\app-page.runtime.prod.js:12:135629)
    at stringify (<anonymous>)
    at eP (C:\Users\datng\ai-interviews\node_modules\next\dist\compiled\next-server\app-page.runtime.prod.js:12:142093)
    at eE (C:\Users\datng\ai-interviews\node_modules\next\dist\compiled\next-server\app-page.runtime.prod.js:12:142572)
    at Timeout._onTimeout (C:\Users\datng\ai-interviews\node_modules\next\dist\compiled\next-server\app-page.runtime.prod.js:12:135349)
    at listOnTimeout (node:internal/timers:573:17)
    at process.processTimers (node:internal/timers:514:7) {
  digest: '3105940811'
}

Error occurred prerendering page "/components/specialized2". Read more: https://nextjs.org/docs/messages/prerender-error

Error: Unsupported Server Component type: {...}
    at e (C:\Users\datng\ai-interviews\node_modules\next\dist\compiled\next-server\app-page.runtime.prod.js:12:137969)
    at ek (C:\Users\datng\ai-interviews\node_modules\next\dist\compiled\next-server\app-page.runtime.prod.js:12:138019)
    at Array.toJSON (C:\Users\datng\ai-interviews\node_modules\next\dist\compiled\next-server\app-page.runtime.prod.js:12:135629)
    at stringify (<anonymous>)
    at eP (C:\Users\datng\ai-interviews\node_modules\next\dist\compiled\next-server\app-page.runtime.prod.js:12:142093)
    at eE (C:\Users\datng\ai-interviews\node_modules\next\dist\compiled\next-server\app-page.runtime.prod.js:12:142572)
    at AsyncLocalStorage.run (node:async_hooks:346:14)
    at Timeout._onTimeout (C:\Users\datng\ai-interviews\node_modules\next\dist\compiled\next-server\app-page.runtime.prod.js:12:150373)
    at listOnTimeout (node:internal/timers:573:17)
    at process.processTimers (node:internal/timers:514:7)

[info] Error: Unsupported Server Component type: {...}
    at e (C:\Users\datng\ai-interviews\node_modules\next\dist\compiled\next-server\app-page.runtime.prod.js:12:137969)
    at ek (C:\Users\datng\ai-interviews\node_modules\next\dist\compiled\next-server\app-page.runtime.prod.js:12:138019)
    at Array.toJSON (C:\Users\datng\ai-interviews\node_modules\next\dist\compiled\next-server\app-page.runtime.prod.js:12:135629)
    at stringify (<anonymous>)
    at eP (C:\Users\datng\ai-interviews\node_modules\next\dist\compiled\next-server\app-page.runtime.prod.js:12:142093)
    at eE (C:\Users\datng\ai-interviews\node_modules\next\dist\compiled\next-server\app-page.runtime.prod.js:12:142572)
    at AsyncLocalStorage.run (node:async_hooks:346:14)
    at Timeout._onTimeout (C:\Users\datng\ai-interviews\node_modules\next\dist\compiled\next-server\app-page.runtime.prod.js:12:150373)
    at listOnTimeout (node:internal/timers:573:17)
    at process.processTimers (node:internal/timers:514:7) {
  digest: '2383966541'
}
Error: Unsupported Server Component type: {...}
    at e (C:\Users\datng\ai-interviews\node_modules\next\dist\compiled\next-server\app-page.runtime.prod.js:12:137969)
    at ek (C:\Users\datng\ai-interviews\node_modules\next\dist\compiled\next-server\app-page.runtime.prod.js:12:138019)
    at Array.toJSON (C:\Users\datng\ai-interviews\node_modules\next\dist\compiled\next-server\app-page.runtime.prod.js:12:135629)
    at stringify (<anonymous>)
    at eP (C:\Users\datng\ai-interviews\node_modules\next\dist\compiled\next-server\app-page.runtime.prod.js:12:142093)
    at eE (C:\Users\datng\ai-interviews\node_modules\next\dist\compiled\next-server\app-page.runtime.prod.js:12:142572)
    at Timeout._onTimeout (C:\Users\datng\ai-interviews\node_modules\next\dist\compiled\next-server\app-page.runtime.prod.js:12:135349)
    at listOnTimeout (node:internal/timers:573:17)
    at process.processTimers (node:internal/timers:514:7) {
  digest: '3105940811'
}
Error: Unsupported Server Component type: {...}
    at e (C:\Users\datng\ai-interviews\node_modules\next\dist\compiled\next-server\app-page.runtime.prod.js:12:137969)
    at ek (C:\Users\datng\ai-interviews\node_modules\next\dist\compiled\next-server\app-page.runtime.prod.js:12:138019)
    at Array.toJSON (C:\Users\datng\ai-interviews\node_modules\next\dist\compiled\next-server\app-page.runtime.prod.js:12:135629)
    at stringify (<anonymous>)
    at eP (C:\Users\datng\ai-interviews\node_modules\next\dist\compiled\next-server\app-page.runtime.prod.js:12:142093)
    at eE (C:\Users\datng\ai-interviews\node_modules\next\dist\compiled\next-server\app-page.runtime.prod.js:12:142572)
    at Timeout._onTimeout (C:\Users\datng\ai-interviews\node_modules\next\dist\compiled\next-server\app-page.runtime.prod.js:12:135349)
    at listOnTimeout (node:internal/timers:573:17)
    at process.processTimers (node:internal/timers:514:7) {
  digest: '3105940811'
}

Error occurred prerendering page "/pages/purchaseCustomer". Read more: https://nextjs.org/docs/messages/prerender-error

Error: Unsupported Server Component type: {...}
    at e (C:\Users\datng\ai-interviews\node_modules\next\dist\compiled\next-server\app-page.runtime.prod.js:12:137969)
    at ek (C:\Users\datng\ai-interviews\node_modules\next\dist\compiled\next-server\app-page.runtime.prod.js:12:138019)
    at Array.toJSON (C:\Users\datng\ai-interviews\node_modules\next\dist\compiled\next-server\app-page.runtime.prod.js:12:135629)
    at stringify (<anonymous>)
    at eP (C:\Users\datng\ai-interviews\node_modules\next\dist\compiled\next-server\app-page.runtime.prod.js:12:142093)
    at eE (C:\Users\datng\ai-interviews\node_modules\next\dist\compiled\next-server\app-page.runtime.prod.js:12:142572)
    at AsyncLocalStorage.run (node:async_hooks:346:14)
    at Timeout._onTimeout (C:\Users\datng\ai-interviews\node_modules\next\dist\compiled\next-server\app-page.runtime.prod.js:12:150373)
    at listOnTimeout (node:internal/timers:573:17)
    at process.processTimers (node:internal/timers:514:7)
Error: Unsupported Server Component type: Module
    at e (C:\Users\datng\ai-interviews\node_modules\next\dist\compiled\next-server\app-page.runtime.prod.js:12:137969)
    at ek (C:\Users\datng\ai-interviews\node_modules\next\dist\compiled\next-server\app-page.runtime.prod.js:12:138019)
    at Array.toJSON (C:\Users\datng\ai-interviews\node_modules\next\dist\compiled\next-server\app-page.runtime.prod.js:12:135629)
    at stringify (<anonymous>)
    at eP (C:\Users\datng\ai-interviews\node_modules\next\dist\compiled\next-server\app-page.runtime.prod.js:12:142093)
    at eE (C:\Users\datng\ai-interviews\node_modules\next\dist\compiled\next-server\app-page.runtime.prod.js:12:142572)
    at AsyncLocalStorage.run (node:async_hooks:346:14)
    at Timeout._onTimeout (C:\Users\datng\ai-interviews\node_modules\next\dist\compiled\next-server\app-page.runtime.prod.js:12:150373)
    at listOnTimeout (node:internal/timers:573:17)
    at process.processTimers (node:internal/timers:514:7) {
  digest: '507194541'
}
Error: Unsupported Server Component type: Module
    at e (C:\Users\datng\ai-interviews\node_modules\next\dist\compiled\next-server\app-page.runtime.prod.js:12:137969)
    at ek (C:\Users\datng\ai-interviews\node_modules\next\dist\compiled\next-server\app-page.runtime.prod.js:12:138019)
    at Array.toJSON (C:\Users\datng\ai-interviews\node_modules\next\dist\compiled\next-server\app-page.runtime.prod.js:12:135629)
    at stringify (<anonymous>)
    at eP (C:\Users\datng\ai-interviews\node_modules\next\dist\compiled\next-server\app-page.runtime.prod.js:12:142093)
    at eE (C:\Users\datng\ai-interviews\node_modules\next\dist\compiled\next-server\app-page.runtime.prod.js:12:142572)
    at Timeout._onTimeout (C:\Users\datng\ai-interviews\node_modules\next\dist\compiled\next-server\app-page.runtime.prod.js:12:135349)
    at listOnTimeout (node:internal/timers:573:17)
    at process.processTimers (node:internal/timers:514:7) {
  digest: '1410956331'
}
Error: Unsupported Server Component type: Module
    at e (C:\Users\datng\ai-interviews\node_modules\next\dist\compiled\next-server\app-page.runtime.prod.js:12:137969)
    at ek (C:\Users\datng\ai-interviews\node_modules\next\dist\compiled\next-server\app-page.runtime.prod.js:12:138019)
    at Array.toJSON (C:\Users\datng\ai-interviews\node_modules\next\dist\compiled\next-server\app-page.runtime.prod.js:12:135629)
    at stringify (<anonymous>)
    at eP (C:\Users\datng\ai-interviews\node_modules\next\dist\compiled\next-server\app-page.runtime.prod.js:12:142093)
    at eE (C:\Users\datng\ai-interviews\node_modules\next\dist\compiled\next-server\app-page.runtime.prod.js:12:142572)
    at Timeout._onTimeout (C:\Users\datng\ai-interviews\node_modules\next\dist\compiled\next-server\app-page.runtime.prod.js:12:135349)
    at listOnTimeout (node:internal/timers:573:17)
    at process.processTimers (node:internal/timers:514:7) {
  digest: '1410956331'
}

Error occurred prerendering page "/context/LangContext". Read more: https://nextjs.org/docs/messages/prerender-error

Error: Unsupported Server Component type: Module
    at e (C:\Users\datng\ai-interviews\node_modules\next\dist\compiled\next-server\app-page.runtime.prod.js:12:137969)
    at ek (C:\Users\datng\ai-interviews\node_modules\next\dist\compiled\next-server\app-page.runtime.prod.js:12:138019)
    at Array.toJSON (C:\Users\datng\ai-interviews\node_modules\next\dist\compiled\next-server\app-page.runtime.prod.js:12:135629)
    at stringify (<anonymous>)
    at eP (C:\Users\datng\ai-interviews\node_modules\next\dist\compiled\next-server\app-page.runtime.prod.js:12:142093)
    at eE (C:\Users\datng\ai-interviews\node_modules\next\dist\compiled\next-server\app-page.runtime.prod.js:12:142572)
    at AsyncLocalStorage.run (node:async_hooks:346:14)
    at Timeout._onTimeout (C:\Users\datng\ai-interviews\node_modules\next\dist\compiled\next-server\app-page.runtime.prod.js:12:150373)
    at listOnTimeout (node:internal/timers:573:17)
    at process.processTimers (node:internal/timers:514:7)
Error: Unsupported Server Component type: {...}
    at e (C:\Users\datng\ai-interviews\node_modules\next\dist\compiled\next-server\app-page.runtime.prod.js:12:137969)
    at ek (C:\Users\datng\ai-interviews\node_modules\next\dist\compiled\next-server\app-page.runtime.prod.js:12:138019)
    at Array.toJSON (C:\Users\datng\ai-interviews\node_modules\next\dist\compiled\next-server\app-page.runtime.prod.js:12:135629)
    at stringify (<anonymous>)
    at eP (C:\Users\datng\ai-interviews\node_modules\next\dist\compiled\next-server\app-page.runtime.prod.js:12:142093)
    at eE (C:\Users\datng\ai-interviews\node_modules\next\dist\compiled\next-server\app-page.runtime.prod.js:12:142572)
    at AsyncLocalStorage.run (node:async_hooks:346:14)
    at Timeout._onTimeout (C:\Users\datng\ai-interviews\node_modules\next\dist\compiled\next-server\app-page.runtime.prod.js:12:150373)
    at listOnTimeout (node:internal/timers:573:17)
    at process.processTimers (node:internal/timers:514:7) {
  digest: '2383966541'
}
Error: Unsupported Server Component type: {...}
    at e (C:\Users\datng\ai-interviews\node_modules\next\dist\compiled\next-server\app-page.runtime.prod.js:12:137969)
    at ek (C:\Users\datng\ai-interviews\node_modules\next\dist\compiled\next-server\app-page.runtime.prod.js:12:138019)
    at Array.toJSON (C:\Users\datng\ai-interviews\node_modules\next\dist\compiled\next-server\app-page.runtime.prod.js:12:135629)
    at stringify (<anonymous>)
    at eP (C:\Users\datng\ai-interviews\node_modules\next\dist\compiled\next-server\app-page.runtime.prod.js:12:142093)
    at eE (C:\Users\datng\ai-interviews\node_modules\next\dist\compiled\next-server\app-page.runtime.prod.js:12:142572)
    at Timeout._onTimeout (C:\Users\datng\ai-interviews\node_modules\next\dist\compiled\next-server\app-page.runtime.prod.js:12:135349)
    at listOnTimeout (node:internal/timers:573:17)
    at process.processTimers (node:internal/timers:514:7) {
  digest: '3105940811'
}
Error: Unsupported Server Component type: {...}
    at e (C:\Users\datng\ai-interviews\node_modules\next\dist\compiled\next-server\app-page.runtime.prod.js:12:137969)
    at ek (C:\Users\datng\ai-interviews\node_modules\next\dist\compiled\next-server\app-page.runtime.prod.js:12:138019)
    at Array.toJSON (C:\Users\datng\ai-interviews\node_modules\next\dist\compiled\next-server\app-page.runtime.prod.js:12:135629)
    at stringify (<anonymous>)
    at eP (C:\Users\datng\ai-interviews\node_modules\next\dist\compiled\next-server\app-page.runtime.prod.js:12:142093)
    at eE (C:\Users\datng\ai-interviews\node_modules\next\dist\compiled\next-server\app-page.runtime.prod.js:12:142572)
    at Timeout._onTimeout (C:\Users\datng\ai-interviews\node_modules\next\dist\compiled\next-server\app-page.runtime.prod.js:12:135349)
    at listOnTimeout (node:internal/timers:573:17)
    at process.processTimers (node:internal/timers:514:7) {
  digest: '3105940811'
}

Error occurred prerendering page "/components/specialized1". Read more: https://nextjs.org/docs/messages/prerender-error

Error: Unsupported Server Component type: {...}
    at e (C:\Users\datng\ai-interviews\node_modules\next\dist\compiled\next-server\app-page.runtime.prod.js:12:137969)
    at ek (C:\Users\datng\ai-interviews\node_modules\next\dist\compiled\next-server\app-page.runtime.prod.js:12:138019)
    at Array.toJSON (C:\Users\datng\ai-interviews\node_modules\next\dist\compiled\next-server\app-page.runtime.prod.js:12:135629)
    at stringify (<anonymous>)
    at eP (C:\Users\datng\ai-interviews\node_modules\next\dist\compiled\next-server\app-page.runtime.prod.js:12:142093)
    at eE (C:\Users\datng\ai-interviews\node_modules\next\dist\compiled\next-server\app-page.runtime.prod.js:12:142572)
    at AsyncLocalStorage.run (node:async_hooks:346:14)
    at Timeout._onTimeout (C:\Users\datng\ai-interviews\node_modules\next\dist\compiled\next-server\app-page.runtime.prod.js:12:150373)
    at listOnTimeout (node:internal/timers:573:17)
    at process.processTimers (node:internal/timers:514:7)

[info]    Generating static pages (5/20) 

[info]    Generating static pages (10/20) 

[info] Error: Unsupported Server Component type: {...}
    at e (C:\Users\datng\ai-interviews\node_modules\next\dist\compiled\next-server\app-page.runtime.prod.js:12:137969)
    at ek (C:\Users\datng\ai-interviews\node_modules\next\dist\compiled\next-server\app-page.runtime.prod.js:12:138019)
    at Array.toJSON (C:\Users\datng\ai-interviews\node_modules\next\dist\compiled\next-server\app-page.runtime.prod.js:12:135629)
    at stringify (<anonymous>)
    at eP (C:\Users\datng\ai-interviews\node_modules\next\dist\compiled\next-server\app-page.runtime.prod.js:12:142093)
    at eE (C:\Users\datng\ai-interviews\node_modules\next\dist\compiled\next-server\app-page.runtime.prod.js:12:142572)
    at AsyncLocalStorage.run (node:async_hooks:346:14)
    at Timeout._onTimeout (C:\Users\datng\ai-interviews\node_modules\next\dist\compiled\next-server\app-page.runtime.prod.js:12:150373)
    at listOnTimeout (node:internal/timers:573:17)
    at process.processTimers (node:internal/timers:514:7) {
  digest: '2383966541'
}
Error: Unsupported Server Component type: {...}
    at e (C:\Users\datng\ai-interviews\node_modules\next\dist\compiled\next-server\app-page.runtime.prod.js:12:137969)
    at ek (C:\Users\datng\ai-interviews\node_modules\next\dist\compiled\next-server\app-page.runtime.prod.js:12:138019)
    at Array.toJSON (C:\Users\datng\ai-interviews\node_modules\next\dist\compiled\next-server\app-page.runtime.prod.js:12:135629)
    at stringify (<anonymous>)
    at eP (C:\Users\datng\ai-interviews\node_modules\next\dist\compiled\next-server\app-page.runtime.prod.js:12:142093)
    at eE (C:\Users\datng\ai-interviews\node_modules\next\dist\compiled\next-server\app-page.runtime.prod.js:12:142572)
    at Timeout._onTimeout (C:\Users\datng\ai-interviews\node_modules\next\dist\compiled\next-server\app-page.runtime.prod.js:12:135349)
    at listOnTimeout (node:internal/timers:573:17)
    at process.processTimers (node:internal/timers:514:7) {
  digest: '3105940811'
}
Error: Unsupported Server Component type: {...}
    at e (C:\Users\datng\ai-interviews\node_modules\next\dist\compiled\next-server\app-page.runtime.prod.js:12:137969)
    at ek (C:\Users\datng\ai-interviews\node_modules\next\dist\compiled\next-server\app-page.runtime.prod.js:12:138019)
    at Array.toJSON (C:\Users\datng\ai-interviews\node_modules\next\dist\compiled\next-server\app-page.runtime.prod.js:12:135629)
    at stringify (<anonymous>)
    at eP (C:\Users\datng\ai-interviews\node_modules\next\dist\compiled\next-server\app-page.runtime.prod.js:12:142093)
    at eE (C:\Users\datng\ai-interviews\node_modules\next\dist\compiled\next-server\app-page.runtime.prod.js:12:142572)
    at Timeout._onTimeout (C:\Users\datng\ai-interviews\node_modules\next\dist\compiled\next-server\app-page.runtime.prod.js:12:135349)
    at listOnTimeout (node:internal/timers:573:17)
    at process.processTimers (node:internal/timers:514:7) {
  digest: '3105940811'
}

Error occurred prerendering page "/components/practicePersonal". Read more: https://nextjs.org/docs/messages/prerender-error

Error: Unsupported Server Component type: {...}
    at e (C:\Users\datng\ai-interviews\node_modules\next\dist\compiled\next-server\app-page.runtime.prod.js:12:137969)
    at ek (C:\Users\datng\ai-interviews\node_modules\next\dist\compiled\next-server\app-page.runtime.prod.js:12:138019)
    at Array.toJSON (C:\Users\datng\ai-interviews\node_modules\next\dist\compiled\next-server\app-page.runtime.prod.js:12:135629)
    at stringify (<anonymous>)
    at eP (C:\Users\datng\ai-interviews\node_modules\next\dist\compiled\next-server\app-page.runtime.prod.js:12:142093)
    at eE (C:\Users\datng\ai-interviews\node_modules\next\dist\compiled\next-server\app-page.runtime.prod.js:12:142572)
    at AsyncLocalStorage.run (node:async_hooks:346:14)
    at Timeout._onTimeout (C:\Users\datng\ai-interviews\node_modules\next\dist\compiled\next-server\app-page.runtime.prod.js:12:150373)
    at listOnTimeout (node:internal/timers:573:17)
    at process.processTimers (node:internal/timers:514:7)

[info]    Generating static pages (15/20) 

[info]  ✓ Generating static pages (20/20)

[info] 

[info] > Export encountered errors on following paths:
	/components/practicePersonal/page: /components/practicePersonal
	/components/specialized1/page: /components/specialized1
	/components/specialized2/page: /components/specialized2
	/context/LangContext/page: /context/LangContext
	/pages/purchaseCustomer/page: /pages/purchaseCustomer

[debug] [2025-09-29T07:32:00.483Z] Error: ENOENT: no such file or directory, open 'C:\Users\datng\ai-interviews\.next\export-marker.json'
[error] 
[error] Error: An unexpected error has occurred.
